// Jest Snapshot v1, https://goo.gl/fbAQLP

exports[`<Loading/> renders the <Loading.ReleaseBody/> 1`] = `null`;

exports[`<Loading/> renders the <Loading/> component 1`] = `
<div
  class="loading__Spinner-sc-zdvavk-0 bcOxZX"
  data-testid="loading"
>
  <img
    class="loading__Picture-sc-zdvavk-1 jicwvS"
    data-testid="loading-picture"
    src="/images/users//images/users/1.png.png"
  />
</div>
`;
